// Jest Snapshot v1, https://goo.gl/fbAQLP

exports[`renders correctly 1`] = `
<div>
  <div>
    <h2
      style="color: rgb(30, 30, 30);"
    >
      Tilpass siden
    </h2>
    <h3
      style="color: rgb(30, 30, 30);"
    >
      Velg mellom dark mode eller light mode:
    </h3>
    <div
      class="flexWrapper"
    >
      <label
        class="switch"
        for="darkmode"
      >
        <input
          id="darkmode"
          type="checkbox"
        />
        <span
          class="slider"
        />
      </label>
      <img
        alt="Sol eller måne"
        class="themeIcon"
        src="sun.png"
      />
    </div>
    <h3
      style="color: rgb(30, 30, 30);"
    >
       
      Hvilket humør er du i dag? 
      <br />
      Velg mellom glade eller triste kunstverk:
    </h3>
    <div
      class="flexWrapper"
    >
      <label
        class="switch"
        for="mood"
      >
        <input
          checked=""
          id="mood"
          type="checkbox"
        />
        <span
          class="slider"
        />
      </label>
      <img
        alt="Glad eller Trist"
        class="themeIcon"
        src="sad.png"
      />
    </div>
  </div>
</div>
`;
